// Jest Snapshot v1, https://goo.gl/fbAQLP

exports[`get html type 1`] = `"number"`;

exports[`get html type 2`] = `"email"`;

exports[`get html type 3`] = `"text"`;
