// Jest Snapshot v1, https://goo.gl/fbAQLP

exports[`get validation rules 1`] = `"required|integer"`;

exports[`get validation rules 2`] = `"required|string|email"`;

exports[`get validation rules 3`] = `"string"`;
