// Jest Snapshot v1, https://goo.gl/fbAQLP

exports[`is in index table 1`] = `true`;

exports[`is in index table 2`] = `true`;

exports[`is in index table 3`] = `true`;
